// Jest Snapshot v1, https://goo.gl/fbAQLP

exports[`SimilarProducts snapshot should be rendered correctly 1`] = `
<div>
  <section
    class="product-similar"
  >
    <div
      class="container"
    >
      <h2
        class="title title--h3"
      >
        Похожие товары
      </h2>
      <div
        class="product-similar__slider"
      >
        <div
          class="product-similar__slider-list"
        >
          <div
            class="product-card is-active"
          >
            <div
              class="product-card__img"
            >
              <picture>
                <source
                  srcset="img/content/das-auge.webp, img/content/das-auge@2x.webp 2x"
                  type="image/webp"
                />
                <img
                  alt="Ретрокамера Dus Auge lV"
                  height="240"
                  src="img/content/das-auge.jpg"
                  srcset="img/content/das-auge@2x.jpg 2x"
                  width="280"
                />
              </picture>
            </div>
            <div
              class="product-card__info"
            >
              <div
                class="rate product-card__rate"
              >
                <svg
                  aria-hidden="true"
                  height="16"
                  width="17"
                >
                  <use
                    xlink:href="#icon-star"
                  />
                </svg>
                <svg
                  aria-hidden="true"
                  height="16"
                  width="17"
                >
                  <use
                    xlink:href="#icon-star"
                  />
                </svg>
                <svg
                  aria-hidden="true"
                  height="16"
                  width="17"
                >
                  <use
                    xlink:href="#icon-star"
                  />
                </svg>
                <svg
                  aria-hidden="true"
                  height="16"
                  width="17"
                >
                  <use
                    xlink:href="#icon-star"
                  />
                </svg>
                <svg
                  aria-hidden="true"
                  height="16"
                  width="17"
                >
                  <use
                    xlink:href="#icon-star"
                  />
                </svg>
                <p
                  class="visually-hidden"
                >
                  Рейтинг: 
                  0
                </p>
                <p
                  class="rate__count"
                >
                  <span
                    class="visually-hidden"
                  >
                    Всего оценок:
                  </span>
                  149
                </p>
              </div>
              <p
                class="product-card__title"
              >
                Ретрокамера Dus Auge lV
              </p>
              <p
                class="product-card__price"
              >
                <span
                  class="visually-hidden"
                >
                  Цена:
                </span>
                73450
                 ₽
              </p>
            </div>
            <div
              class="product-card__buttons"
            >
              <button
                class="btn btn--purple product-card__btn"
                type="button"
              >
                Купить
              </button>
              <a
                class="btn btn--transparent"
                href="/cameras/1"
              >
                Подробнее
              </a>
            </div>
          </div>
          <div
            class="product-card is-active"
          >
            <div
              class="product-card__img"
            >
              <picture>
                <source
                  srcset="img/content/fast-shot.webp, img/content/fast-shot@2x.webp 2x"
                  type="image/webp"
                />
                <img
                  alt="FastShot MR-5"
                  height="240"
                  src="img/content/fast-shot.jpg"
                  srcset="img/content/fast-shot@2x.jpg 2x"
                  width="280"
                />
              </picture>
            </div>
            <div
              class="product-card__info"
            >
              <div
                class="rate product-card__rate"
              >
                <svg
                  aria-hidden="true"
                  height="16"
                  width="17"
                >
                  <use
                    xlink:href="#icon-star"
                  />
                </svg>
                <svg
                  aria-hidden="true"
                  height="16"
                  width="17"
                >
                  <use
                    xlink:href="#icon-star"
                  />
                </svg>
                <svg
                  aria-hidden="true"
                  height="16"
                  width="17"
                >
                  <use
                    xlink:href="#icon-star"
                  />
                </svg>
                <svg
                  aria-hidden="true"
                  height="16"
                  width="17"
                >
                  <use
                    xlink:href="#icon-star"
                  />
                </svg>
                <svg
                  aria-hidden="true"
                  height="16"
                  width="17"
                >
                  <use
                    xlink:href="#icon-star"
                  />
                </svg>
                <p
                  class="visually-hidden"
                >
                  Рейтинг: 
                  0
                </p>
                <p
                  class="rate__count"
                >
                  <span
                    class="visually-hidden"
                  >
                    Всего оценок:
                  </span>
                  93
                </p>
              </div>
              <p
                class="product-card__title"
              >
                FastShot MR-5
              </p>
              <p
                class="product-card__price"
              >
                <span
                  class="visually-hidden"
                >
                  Цена:
                </span>
                18970
                 ₽
              </p>
            </div>
            <div
              class="product-card__buttons"
            >
              <button
                class="btn btn--purple product-card__btn"
                type="button"
              >
                Купить
              </button>
              <a
                class="btn btn--transparent"
                href="/cameras/2"
              >
                Подробнее
              </a>
            </div>
          </div>
          <div
            class="product-card is-active"
          >
            <div
              class="product-card__img"
            >
              <picture>
                <source
                  srcset="img/content/instaprinter.webp, img/content/instaprinter@2x.webp 2x"
                  type="image/webp"
                />
                <img
                  alt="Instaprinter P2"
                  height="240"
                  src="img/content/instaprinter.jpg"
                  srcset="img/content/instaprinter@2x.jpg 2x"
                  width="280"
                />
              </picture>
            </div>
            <div
              class="product-card__info"
            >
              <div
                class="rate product-card__rate"
              >
                <svg
                  aria-hidden="true"
                  height="16"
                  width="17"
                >
                  <use
                    xlink:href="#icon-star"
                  />
                </svg>
                <svg
                  aria-hidden="true"
                  height="16"
                  width="17"
                >
                  <use
                    xlink:href="#icon-star"
                  />
                </svg>
                <svg
                  aria-hidden="true"
                  height="16"
                  width="17"
                >
                  <use
                    xlink:href="#icon-star"
                  />
                </svg>
                <svg
                  aria-hidden="true"
                  height="16"
                  width="17"
                >
                  <use
                    xlink:href="#icon-star"
                  />
                </svg>
                <svg
                  aria-hidden="true"
                  height="16"
                  width="17"
                >
                  <use
                    xlink:href="#icon-star"
                  />
                </svg>
                <p
                  class="visually-hidden"
                >
                  Рейтинг: 
                  0
                </p>
                <p
                  class="rate__count"
                >
                  <span
                    class="visually-hidden"
                  >
                    Всего оценок:
                  </span>
                  148
                </p>
              </div>
              <p
                class="product-card__title"
              >
                Instaprinter P2
              </p>
              <p
                class="product-card__price"
              >
                <span
                  class="visually-hidden"
                >
                  Цена:
                </span>
                8430
                 ₽
              </p>
            </div>
            <div
              class="product-card__buttons"
            >
              <button
                class="btn btn--purple product-card__btn"
                type="button"
              >
                Купить
              </button>
              <a
                class="btn btn--transparent"
                href="/cameras/3"
              >
                Подробнее
              </a>
            </div>
          </div>
          <div
            class="product-card "
          >
            <div
              class="product-card__img"
            >
              <picture>
                <source
                  srcset="img/content/orlenok.webp, img/content/orlenok@2x.webp 2x"
                  type="image/webp"
                />
                <img
                  alt="Орлёнок"
                  height="240"
                  src="img/content/orlenok.jpg"
                  srcset="img/content/orlenok@2x.jpg 2x"
                  width="280"
                />
              </picture>
            </div>
            <div
              class="product-card__info"
            >
              <div
                class="rate product-card__rate"
              >
                <svg
                  aria-hidden="true"
                  height="16"
                  width="17"
                >
                  <use
                    xlink:href="#icon-star"
                  />
                </svg>
                <svg
                  aria-hidden="true"
                  height="16"
                  width="17"
                >
                  <use
                    xlink:href="#icon-star"
                  />
                </svg>
                <svg
                  aria-hidden="true"
                  height="16"
                  width="17"
                >
                  <use
                    xlink:href="#icon-star"
                  />
                </svg>
                <svg
                  aria-hidden="true"
                  height="16"
                  width="17"
                >
                  <use
                    xlink:href="#icon-star"
                  />
                </svg>
                <svg
                  aria-hidden="true"
                  height="16"
                  width="17"
                >
                  <use
                    xlink:href="#icon-star"
                  />
                </svg>
                <p
                  class="visually-hidden"
                >
                  Рейтинг: 
                  0
                </p>
                <p
                  class="rate__count"
                >
                  <span
                    class="visually-hidden"
                  >
                    Всего оценок:
                  </span>
                  38
                </p>
              </div>
              <p
                class="product-card__title"
              >
                Орлёнок
              </p>
              <p
                class="product-card__price"
              >
                <span
                  class="visually-hidden"
                >
                  Цена:
                </span>
                19970
                 ₽
              </p>
            </div>
            <div
              class="product-card__buttons"
            >
              <button
                class="btn btn--purple product-card__btn"
                type="button"
              >
                Купить
              </button>
              <a
                class="btn btn--transparent"
                href="/cameras/4"
              >
                Подробнее
              </a>
            </div>
          </div>
          <div
            class="product-card "
          >
            <div
              class="product-card__img"
            >
              <picture>
                <source
                  srcset="img/content/van-shot.webp, img/content/van-shot@2x.webp 2x"
                  type="image/webp"
                />
                <img
                  alt="Van Shot"
                  height="240"
                  src="img/content/van-shot.jpg"
                  srcset="img/content/van-shot@2x.jpg 2x"
                  width="280"
                />
              </picture>
            </div>
            <div
              class="product-card__info"
            >
              <div
                class="rate product-card__rate"
              >
                <svg
                  aria-hidden="true"
                  height="16"
                  width="17"
                >
                  <use
                    xlink:href="#icon-star"
                  />
                </svg>
                <svg
                  aria-hidden="true"
                  height="16"
                  width="17"
                >
                  <use
                    xlink:href="#icon-star"
                  />
                </svg>
                <svg
                  aria-hidden="true"
                  height="16"
                  width="17"
                >
                  <use
                    xlink:href="#icon-star"
                  />
                </svg>
                <svg
                  aria-hidden="true"
                  height="16"
                  width="17"
                >
                  <use
                    xlink:href="#icon-star"
                  />
                </svg>
                <svg
                  aria-hidden="true"
                  height="16"
                  width="17"
                >
                  <use
                    xlink:href="#icon-star"
                  />
                </svg>
                <p
                  class="visually-hidden"
                >
                  Рейтинг: 
                  0
                </p>
                <p
                  class="rate__count"
                >
                  <span
                    class="visually-hidden"
                  >
                    Всего оценок:
                  </span>
                  39
                </p>
              </div>
              <p
                class="product-card__title"
              >
                Van Shot
              </p>
              <p
                class="product-card__price"
              >
                <span
                  class="visually-hidden"
                >
                  Цена:
                </span>
                149990
                 ₽
              </p>
            </div>
            <div
              class="product-card__buttons"
            >
              <button
                class="btn btn--purple product-card__btn"
                type="button"
              >
                Купить
              </button>
              <a
                class="btn btn--transparent"
                href="/cameras/5"
              >
                Подробнее
              </a>
            </div>
          </div>
        </div>
        <button
          aria-label="Предыдущий слайд"
          class="slider-controls slider-controls--prev"
          disabled=""
          style="pointer-events: none;"
          type="button"
        >
          <svg
            aria-hidden="true"
            height="12"
            width="7"
          >
            <use
              xlink:href="#icon-arrow"
            />
          </svg>
        </button>
        <button
          aria-label="Следующий слайд"
          class="slider-controls slider-controls--next"
          style="pointer-events: all;"
          type="button"
        >
          <svg
            aria-hidden="true"
            height="12"
            width="7"
          >
            <use
              xlink:href="#icon-arrow"
            />
          </svg>
        </button>
      </div>
    </div>
  </section>
</div>
`;
